[6n          [40m                [0m[41m                [0m[42m                [0m[43m                [0m[44m                [0m[45m                [0m[46m                [0m[47m                [0m
          [100m                [0m[101m                [0m[102m                [0m[103m                [0m[104m                [0m[105m                [0m[106m                [0m[107m                [0m

                                      Normal                                                           Bright                             
     ANSI   00      01      02      03      04      05      06      07      08      09      0A      0B      0C      0D      0E      0F   
    Color  black    red    green  yellow   blue   magenta  cyan    white   black    red    green  yellow   blue   magenta  cyan    white 
    black [30;40m  •••  [0m [30;41m  •••  [0m [30;42m  •••  [0m [30;43m  •••  [0m [30;44m  •••  [0m [30;45m  •••  [0m [30;46m  •••  [0m [30;47m  •••  [0m [30;100m  •••  [0m [30;101m  •••  [0m [30;102m  •••  [0m [30;103m  •••  [0m [30;104m  •••  [0m [30;105m  •••  [0m [30;106m  •••  [0m [30;107m  •••  [0m
      red [31;40m  •••  [0m [31;41m  •••  [0m [31;42m  •••  [0m [31;43m  •••  [0m [31;44m  •••  [0m [31;45m  •••  [0m [31;46m  •••  [0m [31;47m  •••  [0m [31;100m  •••  [0m [31;101m  •••  [0m [31;102m  •••  [0m [31;103m  •••  [0m [31;104m  •••  [0m [31;105m  •••  [0m [31;106m  •••  [0m [31;107m  •••  [0m
    green [32;40m  •••  [0m [32;41m  •••  [0m [32;42m  •••  [0m [32;43m  •••  [0m [32;44m  •••  [0m [32;45m  •••  [0m [32;46m  •••  [0m [32;47m  •••  [0m [32;100m  •••  [0m [32;101m  •••  [0m [32;102m  •••  [0m [32;103m  •••  [0m [32;104m  •••  [0m [32;105m  •••  [0m [32;106m  •••  [0m [32;107m  •••  [0m
   yellow [33;40m  •••  [0m [33;41m  •••  [0m [33;42m  •••  [0m [33;43m  •••  [0m [33;44m  •••  [0m [33;45m  •••  [0m [33;46m  •••  [0m [33;47m  •••  [0m [33;100m  •••  [0m [33;101m  •••  [0m [33;102m  •••  [0m [33;103m  •••  [0m [33;104m  •••  [0m [33;105m  •••  [0m [33;106m  •••  [0m [33;107m  •••  [0m
     blue [34;40m  •••  [0m [34;41m  •••  [0m [34;42m  •••  [0m [34;43m  •••  [0m [34;44m  •••  [0m [34;45m  •••  [0m [34;46m  •••  [0m [34;47m  •••  [0m [34;100m  •••  [0m [34;101m  •••  [0m [34;102m  •••  [0m [34;103m  •••  [0m [34;104m  •••  [0m [34;105m  •••  [0m [34;106m  •••  [0m [34;107m  •••  [0m
  magenta [35;40m  •••  [0m [35;41m  •••  [0m [35;42m  •••  [0m [35;43m  •••  [0m [35;44m  •••  [0m [35;45m  •••  [0m [35;46m  •••  [0m [35;47m  •••  [0m [35;100m  •••  [0m [35;101m  •••  [0m [35;102m  •••  [0m [35;103m  •••  [0m [35;104m  •••  [0m [35;105m  •••  [0m [35;106m  •••  [0m [35;107m  •••  [0m
     cyan [36;40m  •••  [0m [36;41m  •••  [0m [36;42m  •••  [0m [36;43m  •••  [0m [36;44m  •••  [0m [36;45m  •••  [0m [36;46m  •••  [0m [36;47m  •••  [0m [36;100m  •••  [0m [36;101m  •••  [0m [36;102m  •••  [0m [36;103m  •••  [0m [36;104m  •••  [0m [36;105m  •••  [0m [36;106m  •••  [0m [36;107m  •••  [0m
    white [37;40m  •••  [0m [37;41m  •••  [0m [37;42m  •••  [0m [37;43m  •••  [0m [37;44m  •••  [0m [37;45m  •••  [0m [37;46m  •••  [0m [37;47m  •••  [0m [37;100m  •••  [0m [37;101m  •••  [0m [37;102m  •••  [0m [37;103m  •••  [0m [37;104m  •••  [0m [37;105m  •••  [0m [37;106m  •••  [0m [37;107m  •••  [0m
    black [90;40m  •••  [0m [90;41m  •••  [0m [90;42m  •••  [0m [90;43m  •••  [0m [90;44m  •••  [0m [90;45m  •••  [0m [90;46m  •••  [0m [90;47m  •••  [0m [90;100m  •••  [0m [90;101m  •••  [0m [90;102m  •••  [0m [90;103m  •••  [0m [90;104m  •••  [0m [90;105m  •••  [0m [90;106m  •••  [0m [90;107m  •••  [0m
      red [91;40m  •••  [0m [91;41m  •••  [0m [91;42m  •••  [0m [91;43m  •••  [0m [91;44m  •••  [0m [91;45m  •••  [0m [91;46m  •••  [0m [91;47m  •••  [0m [91;100m  •••  [0m [91;101m  •••  [0m [91;102m  •••  [0m [91;103m  •••  [0m [91;104m  •••  [0m [91;105m  •••  [0m [91;106m  •••  [0m [91;107m  •••  [0m
    green [92;40m  •••  [0m [92;41m  •••  [0m [92;42m  •••  [0m [92;43m  •••  [0m [92;44m  •••  [0m [92;45m  •••  [0m [92;46m  •••  [0m [92;47m  •••  [0m [92;100m  •••  [0m [92;101m  •••  [0m [92;102m  •••  [0m [92;103m  •••  [0m [92;104m  •••  [0m [92;105m  •••  [0m [92;106m  •••  [0m [92;107m  •••  [0m
   yellow [93;40m  •••  [0m [93;41m  •••  [0m [93;42m  •••  [0m [93;43m  •••  [0m [93;44m  •••  [0m [93;45m  •••  [0m [93;46m  •••  [0m [93;47m  •••  [0m [93;100m  •••  [0m [93;101m  •••  [0m [93;102m  •••  [0m [93;103m  •••  [0m [93;104m  •••  [0m [93;105m  •••  [0m [93;106m  •••  [0m [93;107m  •••  [0m
     blue [94;40m  •••  [0m [94;41m  •••  [0m [94;42m  •••  [0m [94;43m  •••  [0m [94;44m  •••  [0m [94;45m  •••  [0m [94;46m  •••  [0m [94;47m  •••  [0m [94;100m  •••  [0m [94;101m  •••  [0m [94;102m  •••  [0m [94;103m  •••  [0m [94;104m  •••  [0m [94;105m  •••  [0m [94;106m  •••  [0m [94;107m  •••  [0m
  magenta [95;40m  •••  [0m [95;41m  •••  [0m [95;42m  •••  [0m [95;43m  •••  [0m [95;44m  •••  [0m [95;45m  •••  [0m [95;46m  •••  [0m [95;47m  •••  [0m [95;100m  •••  [0m [95;101m  •••  [0m [95;102m  •••  [0m [95;103m  •••  [0m [95;104m  •••  [0m [95;105m  •••  [0m [95;106m  •••  [0m [95;107m  •••  [0m
     cyan [96;40m  •••  [0m [96;41m  •••  [0m [96;42m  •••  [0m [96;43m  •••  [0m [96;44m  •••  [0m [96;45m  •••  [0m [96;46m  •••  [0m [96;47m  •••  [0m [96;100m  •••  [0m [96;101m  •••  [0m [96;102m  •••  [0m [96;103m  •••  [0m [96;104m  •••  [0m [96;105m  •••  [0m [96;106m  •••  [0m [96;107m  •••  [0m
    white [97;40m  •••  [0m [97;41m  •••  [0m [97;42m  •••  [0m [97;43m  •••  [0m [97;44m  •••  [0m [97;45m  •••  [0m [97;46m  •••  [0m [97;47m  •••  [0m [97;100m  •••  [0m [97;101m  •••  [0m [97;102m  •••  [0m [97;103m  •••  [0m [97;104m  •••  [0m [97;105m  •••  [0m [97;106m  •••  [0m [97;107m  •••  [0m
   normal [30m  ABC  [0m [31m  ABC  [0m [32m  ABC  [0m [33m  ABC  [0m [34m  ABC  [0m [35m  ABC  [0m [36m  ABC  [0m [37m  ABC  [0m [90m  ABC  [0m [91m  ABC  [0m [92m  ABC  [0m [93m  ABC  [0m [94m  ABC  [0m [95m  ABC  [0m [96m  ABC  [0m [97m  ABC  [0m
     bold [30;1m  ABC  [0m [31;1m  ABC  [0m [32;1m  ABC  [0m [33;1m  ABC  [0m [34;1m  ABC  [0m [35;1m  ABC  [0m [36;1m  ABC  [0m [37;1m  ABC  [0m [90;1m  ABC  [0m [91;1m  ABC  [0m [92;1m  ABC  [0m [93;1m  ABC  [0m [94;1m  ABC  [0m [95;1m  ABC  [0m [96;1m  ABC  [0m [97;1m  ABC  [0m
    faint [30;2m  ABC  [0m [31;2m  ABC  [0m [32;2m  ABC  [0m [33;2m  ABC  [0m [34;2m  ABC  [0m [35;2m  ABC  [0m [36;2m  ABC  [0m [37;2m  ABC  [0m [90;2m  ABC  [0m [91;2m  ABC  [0m [92;2m  ABC  [0m [93;2m  ABC  [0m [94;2m  ABC  [0m [95;2m  ABC  [0m [96;2m  ABC  [0m [97;2m  ABC  [0m
   italic [30;3m  ABC  [0m [31;3m  ABC  [0m [32;3m  ABC  [0m [33;3m  ABC  [0m [34;3m  ABC  [0m [35;3m  ABC  [0m [36;3m  ABC  [0m [37;3m  ABC  [0m [90;3m  ABC  [0m [91;3m  ABC  [0m [92;3m  ABC  [0m [93;3m  ABC  [0m [94;3m  ABC  [0m [95;3m  ABC  [0m [96;3m  ABC  [0m [97;3m  ABC  [0m
 overline [30;53m  ABC  [0m [31;53m  ABC  [0m [32;53m  ABC  [0m [33;53m  ABC  [0m [34;53m  ABC  [0m [35;53m  ABC  [0m [36;53m  ABC  [0m [37;53m  ABC  [0m [90;53m  ABC  [0m [91;53m  ABC  [0m [92;53m  ABC  [0m [93;53m  ABC  [0m [94;53m  ABC  [0m [95;53m  ABC  [0m [96;53m  ABC  [0m [97;53m  ABC  [0m
 crossout [30m  ABC  [0m [31m  ABC  [0m [32m  ABC  [0m [33m  ABC  [0m [34m  ABC  [0m [35m  ABC  [0m [36m  ABC  [0m [37m  ABC  [0m [90m  ABC  [0m [91m  ABC  [0m [92m  ABC  [0m [93m  ABC  [0m [94m  ABC  [0m [95m  ABC  [0m [96m  ABC  [0m [97m  ABC  [0m
underline [30;4m  ABC  [0m [31;4m  ABC  [0m [32;4m  ABC  [0m [33;4m  ABC  [0m [34;4m  ABC  [0m [35;4m  ABC  [0m [36;4m  ABC  [0m [37;4m  ABC  [0m [90;4m  ABC  [0m [91;4m  ABC  [0m [92;4m  ABC  [0m [93;4m  ABC  [0m [94;4m  ABC  [0m [95;4m  ABC  [0m [96;4m  ABC  [0m [97;4m  ABC  [0m
    blink [30;5m  ABC  [0m [31;5m  ABC  [0m [32;5m  ABC  [0m [33;5m  ABC  [0m [34;5m  ABC  [0m [35;5m  ABC  [0m [36;5m  ABC  [0m [37;5m  ABC  [0m [90;5m  ABC  [0m [91;5m  ABC  [0m [92;5m  ABC  [0m [93;5m  ABC  [0m [94;5m  ABC  [0m [95;5m  ABC  [0m [96;5m  ABC  [0m [97;5m  ABC  [0m
              [48;5;232;97m   232    [0m[48;5;233;97m   233    [0m[48;5;234;97m   234    [0m[48;5;235;97m   235    [0m[48;5;236;97m   236    [0m[48;5;237;97m   237    [0m[48;5;238;97m   238    [0m[48;5;239;97m   239    [0m[48;5;240;97m   240    [0m[48;5;241;97m   241    [0m[48;5;242;97m   242    [0m[48;5;243;97m   243    [0m
              [48;5;244;30m   244    [0m[48;5;245;30m   245    [0m[48;5;246;30m   246    [0m[48;5;247;30m   247    [0m[48;5;248;30m   248    [0m[48;5;249;30m   249    [0m[48;5;250;30m   250    [0m[48;5;251;30m   251    [0m[48;5;252;30m   252    [0m[48;5;253;30m   253    [0m[48;5;254;30m   254    [0m[48;5;255;30m   255    [0m